<area shape="rect" href="org.mixim.base.modules.BaseMobility.html" title="Simple Module BaseMobility" alt="" coords="581,80,677,107">
<area shape="rect" href="org.mixim.modules.mobility.ANSimMobility.html" title="Simple Module ANSimMobility" alt="" coords="5,155,112,181">
<area shape="rect" href="org.mixim.modules.mobility.BonnMotionMobility.html" title="Simple Module BonnMotionMobility" alt="" coords="136,155,272,181">
<area shape="rect" href="org.mixim.modules.mobility.CircleMobility.html" title="Simple Module CircleMobility" alt="" coords="296,155,395,181">
<area shape="rect" href="org.mixim.modules.mobility.ConstSpeedMobility.html" title="Simple Module ConstSpeedMobility" alt="" coords="419,155,555,181">
<area shape="rect" href="org.mixim.modules.mobility.LinearMobility.html" title="Simple Module LinearMobility" alt="" coords="579,155,680,181">
<area shape="rect" href="org.mixim.modules.mobility.MassMobility.html" title="Simple Module MassMobility" alt="" coords="704,155,803,181">
<area shape="rect" href="org.mixim.modules.mobility.RectangleMobility.html" title="Simple Module RectangleMobility" alt="" coords="827,155,949,181">
<area shape="rect" href="org.mixim.modules.mobility.TractorMobility.html" title="Simple Module TractorMobility" alt="" coords="973,155,1080,181">
<area shape="rect" href="org.mixim.modules.mobility.TurtleMobility.html" title="Simple Module TurtleMobility" alt="" coords="1104,155,1203,181">
<area shape="rect" href="org.mixim.base.modules.IBaseMobility.html" title="Module Interface IBaseMobility" alt="" coords="580,5,679,32">
