<area shape="rect" href="$a00142.html" title="base/connectionManager/BaseConnectionManager.cc" alt="" coords="5,80,336,107">
<area shape="rect" href="$a00145.html" title="base/connectionManager/ChannelAccess.h" alt="" coords="360,80,632,107">
<area shape="rect" href="$a00181.html" title="base/phyLayer/BasePhyLayer.h" alt="" coords="477,155,683,181">
<area shape="rect" href="$a00180.html" title="base/phyLayer/BasePhyLayer.cc" alt="" coords="544,229,755,256">
<area shape="rect" href="$a00146.html" title="base/connectionManager/ConnectionManager.cc" alt="" coords="757,80,1059,107">
<area shape="rect" href="$a00164.html" title="base/modules/BaseMobility.h" alt="" coords="1083,80,1275,107">
<area shape="rect" href="$a00169.html" title="base/modules/BaseUtility.cc" alt="" coords="1299,80,1485,107">
<area shape="rect" href="$a00171.html" title="base/modules/BaseWorldUtility.cc" alt="" coords="1509,80,1728,107">
<area shape="rect" href="$a00242.html" title="modules/analogueModel/JakesFading.cc" alt="" coords="1752,80,2008,107">
<area shape="rect" href="$a00247.html" title="modules/analogueModel/SimplePathlossModel.h" alt="" coords="2032,80,2333,107">
