<area shape="rect" href="$a00163.html" title="base/modules/BaseMobility.cc" alt="" coords="5,80,203,107">
<area shape="rect" href="$a00271.html" title="modules/mobility/LineSegmentsMobilityBase.h" alt="" coords="227,80,517,107">
<area shape="rect" href="$a00261.html" title="modules/mobility/BonnMotionFileCache.h" alt="" coords="541,80,803,107">
<area shape="rect" href="$a00265.html" title="modules/mobility/CircleMobility.h" alt="" coords="827,80,1037,107">
<area shape="rect" href="$a00267.html" title="modules/mobility/ConstSpeedMobility.h" alt="" coords="1061,80,1309,107">
<area shape="rect" href="$a00269.html" title="modules/mobility/LinearMobility.h" alt="" coords="1333,80,1547,107">
<area shape="rect" href="$a00273.html" title="modules/mobility/MassMobility.h" alt="" coords="1571,80,1781,107">
<area shape="rect" href="$a00275.html" title="modules/mobility/RectangleMobility.h" alt="" coords="1805,80,2040,107">
<area shape="rect" href="$a00277.html" title="modules/mobility/TractorMobility.h" alt="" coords="2064,80,2283,107">
