<area shape="rect" href="$a00163.html" title="base/modules/BaseMobility.cc" alt="" coords="5,80,203,107">
<area shape="rect" href="$a00194.html" title="base/phyLayer/MappingBase.h" alt="" coords="227,80,427,107">
<area shape="rect" href="$a00217.html" title="base/utils/Coord.h" alt="" coords="451,80,576,107">
<area shape="rect" href="$a00254.html" title="modules/mac/CSMAMacLayer.cc" alt="" coords="600,80,816,107">
<area shape="rect" href="$a00256.html" title="modules/mac/Mac80211.cc" alt="" coords="840,80,1021,107">
<area shape="rect" href="$a00258.html" title="modules/mobility/ANSimMobility.cc" alt="" coords="1045,80,1272,107">
<area shape="rect" href="$a00262.html" title="modules/mobility/BonnMotionMobility.cc" alt="" coords="1296,80,1549,107">
<area shape="rect" href="$a00264.html" title="modules/mobility/CircleMobility.cc" alt="" coords="1573,80,1792,107">
<area shape="rect" href="$a00266.html" title="modules/mobility/ConstSpeedMobility.cc" alt="" coords="1816,80,2072,107">
<area shape="rect" href="$a00268.html" title="modules/mobility/LinearMobility.cc" alt="" coords="2096,80,2315,107">
<area shape="rect" href="$a00270.html" title="modules/mobility/LineSegmentsMobilityBase.cc" alt="" coords="2339,80,2637,107">
<area shape="rect" href="$a00272.html" title="modules/mobility/MassMobility.cc" alt="" coords="2661,80,2877,107">
<area shape="rect" href="$a00274.html" title="modules/mobility/RectangleMobility.cc" alt="" coords="2901,80,3144,107">
<area shape="rect" href="$a00276.html" title="modules/mobility/TractorMobility.cc" alt="" coords="3168,80,3392,107">
<area shape="rect" href="$a00278.html" title="modules/mobility/TurtleMobility.cc" alt="" coords="3416,80,3632,107">
<area shape="rect" href="$a00295.html" title="modules/power/battery/SimpleBattery.cc" alt="" coords="3656,80,3912,107">
