<area shape="rect" href="$a00045.html" title="Represents a not changeable mapping (mathematical function) from domain with at least..." alt="" coords="5,183,109,209">
<area shape="rect" href="$a00013.html" title="BaseDelayedMapping\&lt; ConstMapping \&gt;" alt="" coords="159,31,412,57">
<area shape="rect" href="$a00039.html" title="Defines it values by concatenating one or more Mappings to a reference Mapping." alt="" coords="176,132,395,159">
<area shape="rect" href="$a00092.html" title="Represents a changeable mapping (mathematical function) from at least time to double..." alt="" coords="251,183,320,209">
<area shape="rect" href="$a00122.html" title="This class represents the corresponding mapping to a RadioStateAnalogueModel (RSAM)..." alt="" coords="232,233,339,260">
<area shape="rect" href="$a00126.html" title="Abstract subclass of ConstMapping which can be used as base for any ConstMapping..." alt="" coords="213,385,357,412">
<area shape="rect" href="$a00043.html" title="Moves another ConstMapping in its time dimension." alt="" coords="496,5,648,32">
<area shape="rect" href="$a00013.html" title="BaseDelayedMapping\&lt; Mapping \&gt;" alt="" coords="463,56,681,83">
<area shape="rect" href="$a00048.html" title="Wraps an ConstMapping into a Mapping interface." alt="" coords="496,107,648,133">
<area shape="rect" href="$a00081.html" title="Helper class which represents a linear interpolation between two other mappings." alt="" coords="507,157,637,184">
<area shape="rect" href="$a00098.html" title="Implementation of the Mapping&#45;interface which is able to represent arbitrary dimensional..." alt="" coords="467,208,677,235">
<area shape="rect" href="$a00098.html" title="MultiDimMapping\&lt; Linear \&gt;" alt="" coords="483,259,661,285">
<area shape="rect" href="$a00135.html" title="Implements the Mapping&#45;interface with an InterpolateableMap from simtime_t to double..." alt="" coords="479,309,665,336">
<area shape="rect" href="$a00058.html" title="Moves another Mapping in its time dimension." alt="" coords="731,56,848,83">
<area shape="rect" href="$a00063.html" title="Takes a source ConstMapping with a domain A and a set of KeyEntries for a domain..." alt="" coords="731,259,848,285">
<area shape="rect" href="$a00042.html" title="Represents a constant mathematical mapping (f(x) = c)." alt="" coords="475,360,669,387">
<area shape="rect" href="$a00078.html" title="Mapping used to represent attenuation of a signal by JakesFading." alt="" coords="500,411,644,437">
<area shape="rect" href="$a00130.html" title="Mapping that represents a Pathloss&#45;function." alt="" coords="475,461,669,488">
